// Jest Snapshot v1, https://goo.gl/fbAQLP

exports[`renders without crashing 1`] = `
<View
  style={
    Object {
      "backgroundColor": "#fff",
      "flex": 1,
      "height": 1334,
    }
  }
>
  <RCTSafeAreaView
    emulateUnlessSupported={true}
    style={
      Object {
        "backgroundColor": "transparent",
        "flex": 1,
      }
    }
  >
    <RCTScrollView
      automaticallyAdjustContentInsets={false}
      contentContainerStyle={
        Array [
          Object {
            "padding": 10,
          },
          undefined,
        ]
      }
      contentInset={
        Object {
          "bottom": 0,
        }
      }
      enableAutomaticScroll={true}
      enableOnAndroid={false}
      enableResetScrollToCoords={true}
      extraHeight={75}
      extraScrollHeight={0}
      getScrollResponder={[Function]}
      handleOnScroll={[Function]}
      keyboardDismissMode="interactive"
      keyboardOpeningTime={250}
      keyboardShouldPersistTaps="handled"
      keyboardSpace={0}
      onScroll={[Function]}
      padder={true}
      resetKeyboardSpace={[Function]}
      resetScrollToCoords={
        Object {
          "x": 0,
          "y": 0,
        }
      }
      scrollEventThrottle={1}
      scrollForExtraHeightOnAndroid={[Function]}
      scrollIntoView={[Function]}
      scrollToEnd={[Function]}
      scrollToFocusedInput={[Function]}
      scrollToPosition={[Function]}
      showsVerticalScrollIndicator={true}
      style={
        Object {
          "backgroundColor": "transparent",
          "flex": 1,
        }
      }
      update={[Function]}
      viewIsInsideTabBar={false}
    >
      <View>
        <View
          style={
            Object {
              "backgroundColor": "#fff",
              "borderBottomWidth": 0.5,
              "borderColor": "#ccc",
              "borderLeftWidth": 0.5,
              "borderRadius": 2,
              "borderRightWidth": 0.5,
              "borderTopWidth": 0.5,
              "elevation": 3,
              "flexWrap": "nowrap",
              "marginBottom": 5,
              "marginLeft": 2,
              "marginRight": 2,
              "marginTop": 5,
              "shadowColor": "#000",
              "shadowOffset": Object {
                "height": 2,
                "width": 0,
              },
              "shadowOpacity": 0.1,
              "shadowRadius": 1.5,
            }
          }
        >
          <View
            bordered={true}
            style={
              Object {
                "alignItems": "center",
                "backgroundColor": "#fff",
                "borderBottomWidth": 0.5,
                "borderColor": "#ccc",
                "borderRadius": 2,
                "flexDirection": "row",
                "paddingBottom": 10,
                "paddingLeft": 15,
                "paddingRight": 15,
                "paddingTop": 10,
              }
            }
          >
            <Image
              source={
                Object {
                  "uri": "test",
                }
              }
              style={
                Object {
                  "borderRadius": 28,
                  "height": 56,
                  "width": 56,
                }
              }
            />
            <Text
              style={
                Array [
                  Object {
                    "color": "#000",
                    "fontFamily": "System",
                    "fontSize": 16,
                  },
                  Object {
                    "marginLeft": 5,
                  },
                ]
              }
            >
              test
            </Text>
          </View>
          <View
            bordered={true}
            style={
              Array [
                Object {
                  "alignItems": "center",
                  "backgroundColor": "#fff",
                  "borderBottomWidth": 0.5,
                  "borderColor": "#ccc",
                  "borderRadius": 2,
                  "flexDirection": "row",
                  "paddingBottom": 10,
                  "paddingLeft": 15,
                  "paddingRight": 15,
                  "paddingTop": 10,
                },
                Object {
                  "justifyContent": "space-evenly",
                },
              ]
            }
          >
            <Text
              style={
                Object {
                  "color": "#000",
                  "fontFamily": "System",
                  "fontSize": 16,
                }
              }
            >
              Full day: $
              10
            </Text>
            <Text
              style={
                Object {
                  "color": "#000",
                  "fontFamily": "System",
                  "fontSize": 16,
                }
              }
            >
              Half day: $
              5
            </Text>
          </View>
          <View
            bordered={true}
            style={
              Array [
                Object {
                  "alignItems": "center",
                  "backgroundColor": "#fff",
                  "borderBottomWidth": 0.5,
                  "borderColor": "#ccc",
                  "borderRadius": 2,
                  "flexDirection": "row",
                  "paddingBottom": 10,
                  "paddingLeft": 15,
                  "paddingRight": 15,
                  "paddingTop": 10,
                },
                Object {
                  "height": 50,
                },
              ]
            }
          >
            <Text
              style={
                Object {
                  "color": "#000",
                  "fontFamily": "System",
                  "fontSize": 16,
                }
              }
            >
              Equipment: 
              test
               
            </Text>
          </View>
          <View
            bordered={true}
            style={
              Array [
                Object {
                  "alignItems": "center",
                  "backgroundColor": "#fff",
                  "borderBottomWidth": 0.5,
                  "borderColor": "#ccc",
                  "borderRadius": 2,
                  "flexDirection": "row",
                  "paddingBottom": 10,
                  "paddingLeft": 15,
                  "paddingRight": 15,
                  "paddingTop": 10,
                },
                Object {
                  "height": 50,
                },
              ]
            }
          >
            <Text
              style={
                Object {
                  "color": "#000",
                  "fontFamily": "System",
                  "fontSize": 16,
                }
              }
            >
              Description: 
              test
            </Text>
          </View>
          <View
            bordered={true}
            style={
              Array [
                Object {
                  "alignItems": "center",
                  "backgroundColor": "#fff",
                  "borderBottomWidth": 0.5,
                  "borderColor": "#ccc",
                  "borderRadius": 2,
                  "flexDirection": "row",
                  "paddingBottom": 10,
                  "paddingLeft": 15,
                  "paddingRight": 15,
                  "paddingTop": 10,
                },
                Object {
                  "height": 50,
                },
              ]
            }
          >
            <Text
              style={
                Object {
                  "color": "#000",
                  "fontFamily": "System",
                  "fontSize": 16,
                }
              }
            >
              Region: 
              test
            </Text>
          </View>
          <View
            bordered={true}
            style={
              Array [
                Object {
                  "alignItems": "center",
                  "backgroundColor": "#fff",
                  "borderBottomWidth": 0.5,
                  "borderColor": "#ccc",
                  "borderRadius": 2,
                  "flexDirection": "row",
                  "paddingBottom": 10,
                  "paddingLeft": 15,
                  "paddingRight": 15,
                  "paddingTop": 10,
                },
                Object {
                  "height": 50,
                },
              ]
            }
          >
            <Text
              style={
                Object {
                  "color": "#000",
                  "fontFamily": "System",
                  "fontSize": 16,
                }
              }
            >
              Delivery:
               
              No
            </Text>
          </View>
          <View
            style={
              Array [
                Object {
                  "alignItems": "center",
                  "backgroundColor": "#fff",
                  "borderRadius": 2,
                  "flexDirection": "row",
                  "paddingBottom": 10,
                  "paddingLeft": 15,
                  "paddingRight": 15,
                  "paddingTop": 10,
                },
                Object {
                  "justifyContent": "center",
                },
              ]
            }
          >
            <View
              accessible={true}
              focusable={true}
              forwardedRef={[Function]}
              onClick={[Function]}
              onResponderGrant={[Function]}
              onResponderMove={[Function]}
              onResponderRelease={[Function]}
              onResponderTerminate={[Function]}
              onResponderTerminationRequest={[Function]}
              onStartShouldSetResponder={[Function]}
              style={
                Object {
                  "alignItems": "center",
                  "alignSelf": "flex-start",
                  "backgroundColor": "#007aff",
                  "borderBottomWidth": null,
                  "borderColor": "#007aff",
                  "borderLeftWidth": null,
                  "borderRadius": 5,
                  "borderRightWidth": null,
                  "borderTopWidth": null,
                  "borderWidth": undefined,
                  "elevation": 2,
                  "flexDirection": "row",
                  "height": 45,
                  "justifyContent": "space-between",
                  "opacity": 1,
                  "paddingBottom": 6,
                  "paddingTop": 6,
                  "shadowColor": undefined,
                  "shadowOffset": undefined,
                  "shadowOpacity": undefined,
                  "shadowRadius": undefined,
                }
              }
            >
              <Text />
              <Text
                style={
                  Object {
                    "backgroundColor": "transparent",
                    "color": "#fff",
                    "fontFamily": "System",
                    "fontSize": 16.5,
                    "marginLeft": 0,
                    "marginRight": 0,
                    "paddingLeft": 16,
                    "paddingRight": 16,
                  }
                }
              >
                Rent this equipment 
              </Text>
            </View>
          </View>
        </View>
        <View
          style={
            Object {
              "alignItems": "center",
              "flex": 1,
              "justifyContent": "center",
            }
          }
        >
          <AIRMap
            handlePanDrag={false}
            initialRegion={null}
            onChange={[Function]}
            onLayout={[Function]}
            onMapReady={[Function]}
            onMarkerPress={[Function]}
            region={
              Object {
                "latitude": 49.8951,
                "latitudeDelta": 0.0922,
                "longitude": -97.1384,
                "longitudeDelta": 0.0421,
              }
            }
            style={
              Object {
                "height": 300,
                "maxHeight": 500,
                "width": "100%",
              }
            }
          >
            <AIRMapMarker
              coordinate={
                Object {
                  "latitude": 49.8951,
                  "longitude": -97.1384,
                }
              }
              onPress={[Function]}
              stopPropagation={false}
              style={
                Array [
                  Object {
                    "backgroundColor": "transparent",
                    "position": "absolute",
                  },
                  undefined,
                ]
              }
            />
          </AIRMap>
        </View>
      </View>
    </RCTScrollView>
  </RCTSafeAreaView>
</View>
`;
