// Jest Snapshot v1, https://goo.gl/fbAQLP

exports[`LoginScreen renders without crashing 1`] = `
<RCTSafeAreaView
  emulateUnlessSupported={true}
  style={
    Object {
      "backgroundColor": "transparent",
      "flex": 1,
    }
  }
>
  <RCTScrollView
    automaticallyAdjustContentInsets={false}
    contentContainerStyle={
      Array [
        Object {
          "padding": 10,
        },
        undefined,
      ]
    }
    contentInset={
      Object {
        "bottom": 0,
      }
    }
    enableAutomaticScroll={true}
    enableOnAndroid={false}
    enableResetScrollToCoords={true}
    extraHeight={75}
    extraScrollHeight={0}
    getScrollResponder={[Function]}
    handleOnScroll={[Function]}
    keyboardDismissMode="interactive"
    keyboardOpeningTime={250}
    keyboardShouldPersistTaps="handled"
    keyboardSpace={0}
    onScroll={[Function]}
    padder={true}
    resetKeyboardSpace={[Function]}
    resetScrollToCoords={
      Object {
        "x": 0,
        "y": 0,
      }
    }
    scrollEventThrottle={1}
    scrollForExtraHeightOnAndroid={[Function]}
    scrollIntoView={[Function]}
    scrollToEnd={[Function]}
    scrollToFocusedInput={[Function]}
    scrollToPosition={[Function]}
    showsVerticalScrollIndicator={true}
    style={
      Object {
        "backgroundColor": "transparent",
        "flex": 1,
      }
    }
    update={[Function]}
    viewIsInsideTabBar={false}
  >
    <View>
      <View
        style={Object {}}
      >
        <View
          style={
            Array [
              Object {},
              Object {
                "height": 80,
              },
            ]
          }
        >
          <View
            accessible={true}
            focusable={false}
            forwardedRef={[Function]}
            onClick={[Function]}
            onResponderGrant={[Function]}
            onResponderMove={[Function]}
            onResponderRelease={[Function]}
            onResponderTerminate={[Function]}
            onResponderTerminationRequest={[Function]}
            onStartShouldSetResponder={[Function]}
            style={
              Object {
                "alignItems": "center",
                "backgroundColor": "transparent",
                "borderBottomWidth": 1,
                "borderColor": "#D9D5DC",
                "borderLeftWidth": 0,
                "borderRadius": undefined,
                "borderRightWidth": 0,
                "borderTopWidth": 0,
                "borderWidth": undefined,
                "flexDirection": "row",
                "marginLeft": 2,
                "opacity": 1,
              }
            }
          >
            <View
              style={
                Object {
                  "left": 0,
                  "opacity": 1,
                  "paddingBottom": undefined,
                  "paddingTop": undefined,
                  "position": "absolute",
                  "right": 0,
                  "top": 18,
                }
              }
            >
              <Text
                style={
                  Object {
                    "color": "#575757",
                    "fontSize": 17,
                    "paddingRight": 5,
                    "paddingTop": 5,
                  }
                }
              />
            </View>
            <TextInput
              allowFontScaling={true}
              editable={true}
              onBlur={[Function]}
              onChangeText={[Function]}
              onFocus={[Function]}
              placeholder="Email"
              placeholderTextColor="#575757"
              rejectResponderTermination={true}
              style={
                Object {
                  "color": "#000",
                  "flex": 1,
                  "fontSize": 17,
                  "height": 50,
                  "paddingBottom": 7,
                  "paddingLeft": 5,
                  "paddingRight": 5,
                  "paddingTop": 3,
                  "top": 8,
                }
              }
              underlineColorAndroid="rgba(0,0,0,0)"
              value=""
            />
          </View>
          <View
            style={
              Object {
                "flex": 1,
                "flexDirection": "row",
                "marginLeft": 5,
              }
            }
          />
        </View>
        <View
          style={
            Array [
              Object {},
              Object {
                "height": 80,
              },
            ]
          }
        >
          <View
            accessible={true}
            focusable={false}
            forwardedRef={[Function]}
            onClick={[Function]}
            onResponderGrant={[Function]}
            onResponderMove={[Function]}
            onResponderRelease={[Function]}
            onResponderTerminate={[Function]}
            onResponderTerminationRequest={[Function]}
            onStartShouldSetResponder={[Function]}
            style={
              Object {
                "alignItems": "center",
                "backgroundColor": "transparent",
                "borderBottomWidth": 1,
                "borderColor": "#D9D5DC",
                "borderLeftWidth": 0,
                "borderRadius": undefined,
                "borderRightWidth": 0,
                "borderTopWidth": 0,
                "borderWidth": undefined,
                "flexDirection": "row",
                "marginLeft": 2,
                "opacity": 1,
              }
            }
          >
            <View
              style={
                Object {
                  "left": 0,
                  "opacity": 1,
                  "paddingBottom": undefined,
                  "paddingTop": undefined,
                  "position": "absolute",
                  "right": 0,
                  "top": 18,
                }
              }
            >
              <Text
                style={
                  Object {
                    "color": "#575757",
                    "fontSize": 17,
                    "paddingRight": 5,
                    "paddingTop": 5,
                  }
                }
              />
            </View>
            <TextInput
              allowFontScaling={true}
              editable={true}
              onBlur={[Function]}
              onChangeText={[Function]}
              onFocus={[Function]}
              placeholder="Password"
              placeholderTextColor="#575757"
              rejectResponderTermination={true}
              secureTextEntry={true}
              style={
                Object {
                  "color": "#000",
                  "flex": 1,
                  "fontSize": 17,
                  "height": 50,
                  "paddingBottom": 7,
                  "paddingLeft": 5,
                  "paddingRight": 5,
                  "paddingTop": 3,
                  "top": 8,
                }
              }
              underlineColorAndroid="rgba(0,0,0,0)"
              value=""
            />
          </View>
          <View
            style={
              Object {
                "flex": 1,
                "flexDirection": "row",
                "marginLeft": 5,
              }
            }
          />
        </View>
        <View
          style={
            Object {
              "flex": 1,
              "flexDirection": "row",
              "justifyContent": "space-evenly",
            }
          }
        >
          <View
            style={
              Array [
                Object {},
                Object {
                  "alignItems": "center",
                },
              ]
            }
          >
            <View
              accessible={true}
              focusable={true}
              forwardedRef={[Function]}
              onClick={[Function]}
              onResponderGrant={[Function]}
              onResponderMove={[Function]}
              onResponderRelease={[Function]}
              onResponderTerminate={[Function]}
              onResponderTerminationRequest={[Function]}
              onStartShouldSetResponder={[Function]}
              style={
                Object {
                  "alignItems": "center",
                  "alignSelf": "flex-start",
                  "backgroundColor": "#b5b5b5",
                  "borderBottomWidth": null,
                  "borderColor": "#007aff",
                  "borderLeftWidth": null,
                  "borderRadius": 5,
                  "borderRightWidth": null,
                  "borderTopWidth": null,
                  "borderWidth": undefined,
                  "elevation": 2,
                  "flexDirection": "row",
                  "height": 45,
                  "justifyContent": "space-between",
                  "marginVertical": 5,
                  "opacity": 1,
                  "padding": 10,
                  "paddingBottom": 6,
                  "paddingTop": 6,
                  "shadowColor": undefined,
                  "shadowOffset": undefined,
                  "shadowOpacity": undefined,
                  "shadowRadius": undefined,
                }
              }
            >
              <Text
                style={
                  Object {
                    "backgroundColor": "transparent",
                    "color": "#fff",
                    "fontFamily": "System",
                    "fontSize": 16.5,
                    "marginLeft": 0,
                    "marginRight": 0,
                    "paddingLeft": 16,
                    "paddingRight": 16,
                  }
                }
              >
                Submit
              </Text>
            </View>
          </View>
          <View
            style={
              Array [
                Object {},
                Object {
                  "alignItems": "center",
                },
              ]
            }
          >
            <View
              accessible={true}
              focusable={true}
              forwardedRef={[Function]}
              onClick={[Function]}
              onResponderGrant={[Function]}
              onResponderMove={[Function]}
              onResponderRelease={[Function]}
              onResponderTerminate={[Function]}
              onResponderTerminationRequest={[Function]}
              onStartShouldSetResponder={[Function]}
              style={
                Object {
                  "alignItems": "center",
                  "alignSelf": "flex-start",
                  "backgroundColor": "#007aff",
                  "borderBottomWidth": null,
                  "borderColor": "#007aff",
                  "borderLeftWidth": null,
                  "borderRadius": 5,
                  "borderRightWidth": null,
                  "borderTopWidth": null,
                  "borderWidth": undefined,
                  "elevation": 2,
                  "flexDirection": "row",
                  "height": 45,
                  "justifyContent": "space-between",
                  "marginVertical": 5,
                  "opacity": 1,
                  "padding": 10,
                  "paddingBottom": 6,
                  "paddingTop": 6,
                  "shadowColor": undefined,
                  "shadowOffset": undefined,
                  "shadowOpacity": undefined,
                  "shadowRadius": undefined,
                }
              }
            >
              <Text
                style={
                  Object {
                    "backgroundColor": "transparent",
                    "color": "#fff",
                    "fontFamily": "System",
                    "fontSize": 16.5,
                    "marginLeft": 0,
                    "marginRight": 0,
                    "paddingLeft": 16,
                    "paddingRight": 16,
                  }
                }
              >
                Sign up
              </Text>
            </View>
          </View>
          <View
            style={
              Array [
                Object {},
                Object {
                  "alignItems": "center",
                },
              ]
            }
          >
            <View
              accessible={true}
              focusable={true}
              forwardedRef={[Function]}
              onClick={[Function]}
              onResponderGrant={[Function]}
              onResponderMove={[Function]}
              onResponderRelease={[Function]}
              onResponderTerminate={[Function]}
              onResponderTerminationRequest={[Function]}
              onStartShouldSetResponder={[Function]}
              style={
                Object {
                  "alignItems": "center",
                  "alignSelf": "flex-start",
                  "backgroundColor": "#007aff",
                  "borderBottomWidth": null,
                  "borderColor": "#007aff",
                  "borderLeftWidth": null,
                  "borderRadius": 5,
                  "borderRightWidth": null,
                  "borderTopWidth": null,
                  "borderWidth": undefined,
                  "elevation": 2,
                  "flexDirection": "row",
                  "height": 45,
                  "justifyContent": "space-between",
                  "marginVertical": 5,
                  "opacity": 1,
                  "padding": 10,
                  "paddingBottom": 6,
                  "paddingTop": 6,
                  "shadowColor": undefined,
                  "shadowOffset": undefined,
                  "shadowOpacity": undefined,
                  "shadowRadius": undefined,
                }
              }
            >
              <Text
                style={
                  Object {
                    "backgroundColor": "transparent",
                    "color": "#fff",
                    "fontFamily": "System",
                    "fontSize": 16.5,
                    "marginLeft": 0,
                    "marginRight": 0,
                    "paddingLeft": 16,
                    "paddingRight": 16,
                  }
                }
              >
                Reset
              </Text>
            </View>
          </View>
        </View>
        <View
          style={
            Object {
              "flex": 1,
              "flexDirection": "row",
              "justifyContent": "center",
              "marginTop": 10,
            }
          }
        >
          <View
            style={
              Array [
                Object {},
                Object {
                  "alignItems": "center",
                },
              ]
            }
          >
            <View
              accessible={true}
              focusable={true}
              forwardedRef={[Function]}
              onClick={[Function]}
              onResponderGrant={[Function]}
              onResponderMove={[Function]}
              onResponderRelease={[Function]}
              onResponderTerminate={[Function]}
              onResponderTerminationRequest={[Function]}
              onStartShouldSetResponder={[Function]}
              style={
                Object {
                  "alignItems": "center",
                  "alignSelf": "flex-start",
                  "backgroundColor": "#d9534f",
                  "borderBottomWidth": null,
                  "borderColor": "#007aff",
                  "borderLeftWidth": null,
                  "borderRadius": 5,
                  "borderRightWidth": null,
                  "borderTopWidth": null,
                  "borderWidth": undefined,
                  "elevation": 2,
                  "flexDirection": "row",
                  "height": 45,
                  "justifyContent": "space-between",
                  "marginVertical": 5,
                  "opacity": 1,
                  "padding": 10,
                  "paddingBottom": 6,
                  "paddingTop": 6,
                  "shadowColor": undefined,
                  "shadowOffset": undefined,
                  "shadowOpacity": undefined,
                  "shadowRadius": undefined,
                }
              }
            >
              <Text
                allowFontScaling={false}
                style={
                  Array [
                    Object {
                      "color": undefined,
                      "fontSize": 12,
                    },
                    Array [
                      Object {
                        "color": "#000",
                        "fontSize": 30,
                      },
                      Object {
                        "color": "#fff",
                        "fontSize": 24,
                        "marginLeft": 16,
                        "marginRight": 16,
                        "paddingTop": 2,
                      },
                    ],
                    Object {
                      "fontFamily": "ionicons",
                      "fontStyle": "normal",
                      "fontWeight": "normal",
                    },
                    Object {},
                  ]
                }
              >
                
              </Text>
              <Text
                style={
                  Object {
                    "backgroundColor": "transparent",
                    "color": "#fff",
                    "fontFamily": "System",
                    "fontSize": 16.5,
                    "marginLeft": 0,
                    "marginRight": 0,
                    "paddingLeft": 16,
                    "paddingRight": 16,
                  }
                }
              >
                Login with Google
              </Text>
            </View>
          </View>
        </View>
      </View>
    </View>
  </RCTScrollView>
</RCTSafeAreaView>
`;
